Jul-15 16:50:02.471 [main] DEBUG nextflow.cli.Launcher - $> nextflow run main_test.nf -preview -with-dag flowchart.mmd
Jul-15 16:50:02.693 [main] DEBUG nextflow.cli.CmdRun - N E X T F L O W  ~  version 26.04.3
Jul-15 16:50:02.756 [main] DEBUG nextflow.plugin.PluginsFacade - Setting up plugin manager > mode=prod; embedded=false; plugins-dir=/Users/pzito/.nextflow/plugins; core-plugins: nf-amazon@3.9.1,nf-azure@1.22.5,nf-cloudcache@0.6.0,nf-codecommit@0.5.2,nf-console@1.3.0,nf-google@1.27.3,nf-k8s@1.5.4,nf-seqera@0.20.1,nf-tower@1.28.0,nf-wave@1.21.0
Jul-15 16:50:02.797 [main] INFO  o.pf4j.DefaultPluginStatusProvider - Enabled plugins: []
Jul-15 16:50:02.798 [main] INFO  o.pf4j.DefaultPluginStatusProvider - Disabled plugins: []
Jul-15 16:50:02.804 [main] INFO  org.pf4j.DefaultPluginManager - PF4J version 3.14.1 in 'deployment' mode
Jul-15 16:50:02.831 [main] DEBUG nextflow.util.RetryConfig - Missing nextflow session - using default retry config
Jul-15 16:50:03.091 [main] DEBUG nextflow.plugin.PluginUpdater - Using plugin repository: HttpPluginRepository [registry]; url=https://registry.nextflow.io/api
Jul-15 16:50:03.111 [main] INFO  org.pf4j.AbstractPluginManager - No plugins
Jul-15 16:50:03.190 [main] DEBUG nextflow.config.ConfigBuilder - Found config local: /Users/pzito/Desktop/nextflow-test/nextflow.config
Jul-15 16:50:03.193 [main] DEBUG nextflow.config.ConfigBuilder - Parsing config file: /Users/pzito/Desktop/nextflow-test/nextflow.config
Jul-15 16:50:03.216 [main] DEBUG nextflow.config.ConfigParserFactory - Using config parser v2
Jul-15 16:50:03.268 [main] DEBUG nextflow.config.ConfigBuilder - Applying config profile: `standard`
Jul-15 16:50:04.351 [main] DEBUG nextflow.plugin.PluginsFacade - Plugins default=[]
Jul-15 16:50:04.354 [main] DEBUG nextflow.plugin.PluginsFacade - Plugins resolved requirement=[]
Jul-15 16:50:04.378 [main] DEBUG n.secret.LocalSecretsProvider - Secrets store: /Users/pzito/.nextflow/secrets/store.json
Jul-15 16:50:04.383 [main] DEBUG nextflow.secret.SecretsLoader - Discovered secrets providers: [nextflow.secret.LocalSecretsProvider@2fdf17dc] - activable => nextflow.secret.LocalSecretsProvider@2fdf17dc
Jul-15 16:50:04.398 [main] DEBUG nextflow.cli.CmdRun - * PREVIEW * null [naughty_lagrange] - revision: d7c14191a6
Jul-15 16:50:04.505 [main] DEBUG nextflow.Session - Session UUID: b87c07fe-cf74-4579-bed8-9cd934f4cf4f
Jul-15 16:50:04.506 [main] DEBUG nextflow.Session - Run name: naughty_lagrange
Jul-15 16:50:04.507 [main] DEBUG nextflow.Session - Executor pool size: 12
Jul-15 16:50:04.516 [main] DEBUG nextflow.file.FilePorter - File porter settings maxRetries=3; maxTransfers=50; pollTimeout=null
Jul-15 16:50:04.526 [main] DEBUG nextflow.util.ThreadPoolBuilder - Creating thread pool 'FileTransfer' minSize=10; maxSize=36; workQueue=LinkedBlockingQueue[-1]; allowCoreThreadTimeout=false
Jul-15 16:50:04.763 [main] DEBUG nextflow.cli.CmdRun - 
  Version: 26.04.3 build 12259
  Created: 28-05-2026 08:48 UTC (03:48 CDT)
  System: Mac OS X 13.7.7
  Runtime: Groovy 4.0.31 on OpenJDK 64-Bit Server VM 23.0.2+7
  Encoding: UTF-8 (UTF-8)
  Process: 94449@IBIO-DRW7N0JQY0.local [192.168.1.82]
  CPUs: 12 - Mem: 16 GB (19.9 MB) - Swap: 9 GB (1.1 GB)
Jul-15 16:50:04.802 [main] DEBUG nextflow.Session - Work-dir: /Users/pzito/Desktop/nextflow-test/work [Mac OS X]
Jul-15 16:50:04.802 [main] DEBUG nextflow.Session - Script base path does not exist or is not a directory: /Users/pzito/Desktop/nextflow-test/bin
Jul-15 16:50:04.827 [main] DEBUG nextflow.executor.ExecutorFactory - Extension executors providers=[]
Jul-15 16:50:04.842 [main] DEBUG nextflow.Session - Observer factory (v2): LinObserverFactory
Jul-15 16:50:04.844 [main] DEBUG nextflow.Session - Observer factory (v2): DefaultObserverFactory
Jul-15 16:50:04.953 [main] DEBUG nextflow.cache.CacheFactory - Using Nextflow cache factory: nextflow.cache.DefaultCacheFactory
Jul-15 16:50:04.971 [main] DEBUG nextflow.util.CustomThreadPool - Creating default thread pool > poolSize: 13; maxThreads: 1000
Jul-15 16:50:05.024 [main] DEBUG nextflow.Session - Session start
Jul-15 16:50:05.034 [main] DEBUG nextflow.script.ScriptLoaderFactory - Using script parser v2
Jul-15 16:50:06.057 [main] DEBUG nextflow.script.ScriptRunner - > Launching execution
Jul-15 16:50:06.628 [main] DEBUG nextflow.executor.ExecutorFactory - << taskConfig executor: null
Jul-15 16:50:06.633 [main] DEBUG nextflow.executor.ExecutorFactory - >> processorType: 'local'
Jul-15 16:50:06.707 [main] DEBUG nextflow.executor.Executor - [warm up] executor > local
Jul-15 16:50:06.760 [main] DEBUG n.processor.LocalPollingMonitor - Creating local task monitor for executor 'local' > cpus=12; memory=16 GB; capacity=12; pollInterval=100ms; dumpInterval=5m
Jul-15 16:50:06.765 [main] DEBUG n.processor.TaskPollingMonitor - >>> barrier register (monitor: local)
Jul-15 16:50:06.827 [main] DEBUG nextflow.processor.TaskProcessor - Creating process 'P1_IMPORT': maxForks=0; fair=false; array=0
Jul-15 16:50:06.948 [main] DEBUG nextflow.executor.ExecutorFactory - << taskConfig executor: null
Jul-15 16:50:06.948 [main] DEBUG nextflow.executor.ExecutorFactory - >> processorType: 'local'
Jul-15 16:50:06.950 [main] DEBUG nextflow.processor.TaskProcessor - Creating process 'P2_FILTER': maxForks=0; fair=false; array=0
Jul-15 16:50:06.964 [main] DEBUG nextflow.executor.ExecutorFactory - << taskConfig executor: null
Jul-15 16:50:06.964 [main] DEBUG nextflow.executor.ExecutorFactory - >> processorType: 'local'
Jul-15 16:50:06.965 [main] DEBUG nextflow.processor.TaskProcessor - Creating process 'P3_DENOISE': maxForks=0; fair=false; array=0
Jul-15 16:50:06.978 [main] DEBUG nextflow.executor.ExecutorFactory - << taskConfig executor: null
Jul-15 16:50:06.978 [main] DEBUG nextflow.executor.ExecutorFactory - >> processorType: 'local'
Jul-15 16:50:06.980 [main] DEBUG nextflow.processor.TaskProcessor - Creating process 'P4_PHYLOTREE': maxForks=0; fair=false; array=0
Jul-15 16:50:07.000 [main] DEBUG nextflow.executor.ExecutorFactory - << taskConfig executor: null
Jul-15 16:50:07.001 [main] DEBUG nextflow.executor.ExecutorFactory - >> processorType: 'local'
Jul-15 16:50:07.002 [main] DEBUG nextflow.processor.TaskProcessor - Creating process 'P5_RAREFACTION': maxForks=0; fair=false; array=0
Jul-15 16:50:07.017 [main] DEBUG nextflow.executor.ExecutorFactory - << taskConfig executor: null
Jul-15 16:50:07.018 [main] DEBUG nextflow.executor.ExecutorFactory - >> processorType: 'local'
Jul-15 16:50:07.019 [main] DEBUG nextflow.processor.TaskProcessor - Creating process 'P6_TAXONOMY': maxForks=0; fair=false; array=0
Jul-15 16:50:07.059 [main] DEBUG nextflow.executor.ExecutorFactory - << taskConfig executor: null
Jul-15 16:50:07.059 [main] DEBUG nextflow.executor.ExecutorFactory - >> processorType: 'local'
Jul-15 16:50:07.060 [main] DEBUG nextflow.processor.TaskProcessor - Creating process 'P7_DIVERSITY': maxForks=0; fair=false; array=0
Jul-15 16:50:07.062 [main] DEBUG nextflow.processor.TaskProcessor - Creating *combiner* operator for each param(s) at index(es): [4]
Jul-15 16:50:07.078 [main] DEBUG nextflow.executor.ExecutorFactory - << taskConfig executor: null
Jul-15 16:50:07.078 [main] DEBUG nextflow.executor.ExecutorFactory - >> processorType: 'local'
Jul-15 16:50:07.080 [main] DEBUG nextflow.processor.TaskProcessor - Creating process 'P8_ANCOMBC': maxForks=0; fair=false; array=0
Jul-15 16:50:07.081 [main] DEBUG nextflow.processor.TaskProcessor - Creating *combiner* operator for each param(s) at index(es): [2]
Jul-15 16:50:07.091 [main] DEBUG nextflow.Session - Process names: P6_TAXONOMY, P8_ANCOMBC, P1_IMPORT, P5_RAREFACTION, P3_DENOISE, P7_DIVERSITY, P2_FILTER, P4_PHYLOTREE
Jul-15 16:50:07.095 [main] DEBUG nextflow.script.ScriptRunner - Parsed script files:
  _nf_script_73fd541d79b4599b: /Users/pzito/Desktop/nextflow-test/P3_denoise.nf
  _nf_script_ce44719760493504: /Users/pzito/Desktop/nextflow-test/P7_diversity.nf
  _nf_script_51d39d7689b0e1d3: /Users/pzito/Desktop/nextflow-test/P6_taxonomy.nf
  Main: /Users/pzito/Desktop/nextflow-test/main_test.nf
  _nf_script_10f034bb432781ce: /Users/pzito/Desktop/nextflow-test/P2_filter.nf
  _nf_script_003e0a8d0d81898c: /Users/pzito/Desktop/nextflow-test/P8_ancombc.nf
  _nf_script_242ed6d4ac1ff414: /Users/pzito/Desktop/nextflow-test/P1_import.nf
  _nf_script_fab9725003112cde: /Users/pzito/Desktop/nextflow-test/P4_phylotree.nf
  _nf_script_8066140b1dd6d41c: /Users/pzito/Desktop/nextflow-test/P5_rarefaction.nf
Jul-15 16:50:07.102 [main] DEBUG n.trace.WorkflowStatsObserver - Workflow completed > WorkflowStats[succeededCount=0; failedCount=0; ignoredCount=0; cachedCount=0; pendingCount=0; submittedCount=0; runningCount=0; retriesCount=0; abortedCount=0; succeedDuration=0ms; failedDuration=0ms; cachedDuration=0ms;loadCpus=0; loadMemory=0; peakRunning=0; peakCpus=0; peakMemory=0; ]
Jul-15 16:50:07.192 [Task monitor] DEBUG n.processor.TaskPollingMonitor - <<< barrier arrives (monitor: local) - terminating tasks monitor poll loop
Jul-15 16:50:07.493 [main] DEBUG nextflow.cache.CacheDB - Closing CacheDB done
Jul-15 16:50:07.526 [main] DEBUG nextflow.util.ThreadPoolManager - Thread pool 'FileTransfer' shutdown completed (hard=false)
Jul-15 16:50:07.526 [main] DEBUG nextflow.script.ScriptRunner - > Execution complete -- Goodbye
